Earth Engine private-key.json not found. Skipping Earth Engine initialization.
Server running on http://localhost:3000
Network access: http://172.20.10.2:3000
[09/12/2025, 20:02:00] User connected: ei4EBFV5DAiIjz2sAAAB
09/12/2025, 20:02:00 - GET /api/all-users
09/12/2025, 20:02:18 - GET /api/all-users
09/12/2025, 20:02:22 - GET /dashboard
09/12/2025, 20:02:22 - GET /
User disconnected: Unknown (Remaining users: 0)
09/12/2025, 20:02:22 - GET /favicon.ico
09/12/2025, 20:02:24 - GET /login
09/12/2025, 20:02:28 - POST /login
User logged in: donyaks (ayubayakubu99@gmail.com)
09/12/2025, 20:02:28 - GET /dashboard
[09/12/2025, 20:02:29] User connected: uRgGz20VBw5goLVPAAAD
User joined: donyaks (Total users: 1)
09/12/2025, 20:02:29 - GET /api/all-users
09/12/2025, 20:02:29 - GET /api/all-users
09/12/2025, 20:02:32 - GET /api/all-users
09/12/2025, 20:02:33 - GET /dashboard
09/12/2025, 20:02:33 - GET /
09/12/2025, 20:02:34 - GET /login
09/12/2025, 20:02:38 - POST /login
User logged in: Yaks (ayubayakubu899@gmail.com)
09/12/2025, 20:02:38 - GET /dashboard
[09/12/2025, 20:02:39] User connected: RPV3qiZ5MerOgWa9AAAF
User joined: Yaks (Total users: 2)
09/12/2025, 20:02:39 - GET /api/all-users
09/12/2025, 20:02:39 - GET /api/all-users
Direct Message from Yaks (RPV3qiZ5MerOgWa9AAAF) to uRgGz20VBw5goLVPAAAD: Hi
09/12/2025, 20:02:59 - GET /api/all-users
Direct Message from Yaks (RPV3qiZ5MerOgWa9AAAF) to uRgGz20VBw5goLVPAAAD: Good day
09/12/2025, 20:03:09 - GET /api/all-users
Direct Message from donyaks (uRgGz20VBw5goLVPAAAD) to RPV3qiZ5MerOgWa9AAAF: hi
Direct Message from Yaks (RPV3qiZ5MerOgWa9AAAF) to uRgGz20VBw5goLVPAAAD: As how nau
09/12/2025, 20:03:29 - GET /api/all-users
User disconnected: Yaks (Remaining users: 1)
[09/12/2025, 20:03:38] User connected: cGCVWxg_zxAngIO7AAAH
User joined: Yaks (Total users: 2)
09/12/2025, 20:03:38 - GET /api/all-users
09/12/2025, 20:03:39 - GET /api/all-users
09/12/2025, 20:03:41 - GET /favicon.ico
09/12/2025, 20:03:59 - GET /api/all-users
09/12/2025, 20:04:09 - GET /api/all-users
09/12/2025, 20:04:29 - GET /api/all-users
User disconnected: Yaks (Remaining users: 1)
[09/12/2025, 20:04:37] User connected: RZh1eiwcV_Wase8EAAAJ
User joined: Yaks (Total users: 2)
09/12/2025, 20:04:37 - GET /api/all-users
09/12/2025, 20:04:39 - GET /api/all-users
Direct Message failed: recipient RPV3qiZ5MerOgWa9AAAF not connected
09/12/2025, 20:04:59 - GET /api/all-users
09/12/2025, 20:05:13 - GET /api/all-users
User disconnected: Yaks (Remaining users: 1)
09/12/2025, 20:05:22 - POST /login
User logged in: Yaks (ayubayakubu899@gmail.com)
09/12/2025, 20:05:22 - GET /dashboard
[09/12/2025, 20:05:22] User connected: kpjFJJwjtMgXrPmMAAAL
User joined: Yaks (Total users: 2)
09/12/2025, 20:05:22 - GET /api/all-users
09/12/2025, 20:05:22 - GET /api/all-users
09/12/2025, 20:05:29 - GET /api/all-users
09/12/2025, 20:05:53 - GET /api/all-users
09/12/2025, 20:05:59 - GET /api/all-users
09/12/2025, 20:06:29 - GET /api/all-users
User disconnected: Yaks (Remaining users: 1)
09/12/2025, 20:07:17 - GET /api/all-users
09/12/2025, 20:08:17 - GET /api/all-users
09/12/2025, 20:09:17 - GET /api/all-users
09/12/2025, 20:10:17 - GET /api/all-users
09/12/2025, 20:11:17 - GET /api/all-users
09/12/2025, 20:12:17 - GET /api/all-users
09/12/2025, 20:13:17 - GET /api/all-users
09/12/2025, 20:14:17 - GET /api/all-users
09/12/2025, 20:15:17 - GET /api/all-users
09/12/2025, 20:15:55 - GET /api/all-users
09/12/2025, 20:15:59 - GET /api/all-users
09/12/2025, 20:15:59 - GET /dashboard
User disconnected: donyaks (Remaining users: 0)
[09/12/2025, 20:16:01] User connected: M-DuzzQQ8wUKAt5yAAAN
User joined: donyaks (Total users: 1)
09/12/2025, 20:16:01 - GET /api/all-users
09/12/2025, 20:16:03 - GET /api/all-users
09/12/2025, 20:16:03 - GET /favicon.ico
09/12/2025, 20:16:33 - GET /api/all-users
09/12/2025, 20:17:03 - GET /api/all-users
09/12/2025, 20:17:33 - GET /api/all-users
09/12/2025, 20:18:03 - GET /api/all-users
09/12/2025, 20:18:33 - GET /api/all-users
